[
    {
        "first_name": "Jeanette", 
        "last_name": "Penddreth", 
        "gender": "Female", 
        "id": 1, 
        "ip_address": "26.58.193.2", 
        "email": "jpenddreth0@census.gov"
    }, 
    {
        "first_name": "Giavani", 
        "last_name": "Frediani", 
        "gender": "Male", 
        "id": 2, 
        "ip_address": "229.179.4.212", 
        "email": "gfrediani1@senate.gov"
    }, 
    {
        "first_name": "Noell", 
        "last_name": "Bea", 
        "gender": "Female", 
        "id": 3, 
        "ip_address": "180.66.162.255", 
        "email": "nbea2@imageshack.us"
    }, 
    {
        "first_name": "Willard", 
        "last_name": "Valek", 
        "gender": "Male", 
        "id": 4, 
        "ip_address": "67.76.188.26", 
        "email": "wvalek3@vk.com"
    }
]