
INFORMATION
	ID:		0
	Name:		PENDDRETH, Jeanette
	Location:	Unknown

INFORMATION
	ID:		1
	Name:		FREDIANI, Giavani
	Location:	Unknown

INFORMATION
	ID:		2
	Name:		BEA, Noell
	Location:	Unknown

INFORMATION
	ID:		3
	Name:		VALEK, Willard
	Location:	Unknown
